{"level":"info","message":"Server running in development mode on port 5000","service":"bulkipo-api","timestamp":"2026-05-23 14:19:50"}
{"level":"info","message":"MongoDB Connected: localhost","service":"bulkipo-api","timestamp":"2026-05-23 14:19:50"}
{"level":"info","message":"Server running in development mode on port 5000","service":"bulkipo-api","timestamp":"2026-05-23 14:20:36"}
{"level":"info","message":"MongoDB Connected: localhost","service":"bulkipo-api","timestamp":"2026-05-23 14:20:36"}
{"level":"info","message":"Connected to MongoDB for seeding","service":"bulkipo-api","timestamp":"2026-05-23 14:21:07"}
{"level":"info","message":"Cleared existing database collections","service":"bulkipo-api","timestamp":"2026-05-23 14:21:07"}
{"level":"error","message":"Database seeding failed: next is not a function","service":"bulkipo-api","stack":"TypeError: next is not a function\n    at model.<anonymous> (C:\\Users\\Acer\\Desktop\\Bulk-Ipo\\backend\\models\\User.js:50:3)\n    at async Kareem.execPre (C:\\Users\\Acer\\Desktop\\Bulk-Ipo\\backend\\node_modules\\kareem\\index.js:61:24)\n    at async model.$__save (C:\\Users\\Acer\\Desktop\\Bulk-Ipo\\backend\\node_modules\\mongoose\\lib\\model.js:397:5)\n    at async model.save (C:\\Users\\Acer\\Desktop\\Bulk-Ipo\\backend\\node_modules\\mongoose\\lib\\model.js:667:5)\n    at async model.create (C:\\Users\\Acer\\Desktop\\Bulk-Ipo\\backend\\node_modules\\mongoose\\lib\\model.js:2747:5)\n    at async seedData (C:\\Users\\Acer\\Desktop\\Bulk-Ipo\\backend\\scripts\\seedDB.js:31:23)","timestamp":"2026-05-23 14:21:07"}
{"level":"info","message":"Server running in development mode on port 5000","service":"bulkipo-api","timestamp":"2026-05-23 14:21:12"}
{"level":"info","message":"MongoDB Connected: localhost","service":"bulkipo-api","timestamp":"2026-05-23 14:21:12"}
{"level":"info","message":"Connected to MongoDB for seeding","service":"bulkipo-api","timestamp":"2026-05-23 14:21:19"}
{"level":"info","message":"Cleared existing database collections","service":"bulkipo-api","timestamp":"2026-05-23 14:21:20"}
{"level":"info","message":"Created Admin User: admin@bulkipo.com / password123","service":"bulkipo-api","timestamp":"2026-05-23 14:21:20"}
{"level":"info","message":"Seeded 3 Saved MeroShare Accounts","service":"bulkipo-api","timestamp":"2026-05-23 14:21:20"}
{"level":"info","message":"Seeded 5 Sample IPOs","service":"bulkipo-api","timestamp":"2026-05-23 14:21:20"}
{"level":"info","message":"Seeded IPO Applications and Results","service":"bulkipo-api","timestamp":"2026-05-23 14:21:20"}
{"level":"info","message":"Seeded Portfolios","service":"bulkipo-api","timestamp":"2026-05-23 14:21:20"}
{"level":"info","message":"Seeded Notifications","service":"bulkipo-api","timestamp":"2026-05-23 14:21:20"}
{"level":"info","message":"Server running in development mode on port 5000","service":"bulkipo-api","timestamp":"2026-05-23 14:35:56"}
{"level":"info","message":"MongoDB Connected: localhost","service":"bulkipo-api","timestamp":"2026-05-23 14:35:56"}
{"level":"info","message":"Server running in development mode on port 5000","service":"bulkipo-api","timestamp":"2026-05-23 14:36:29"}
{"level":"info","message":"MongoDB Connected: localhost","service":"bulkipo-api","timestamp":"2026-05-23 14:36:30"}
{"level":"info","message":"Server running in development mode on port 5000","service":"bulkipo-api","timestamp":"2026-05-23 14:37:41"}
{"level":"info","message":"MongoDB Connected: localhost","service":"bulkipo-api","timestamp":"2026-05-23 14:37:41"}
{"level":"info","message":"Server running in development mode on port 5000","service":"bulkipo-api","timestamp":"2026-05-23 14:39:38"}
{"level":"info","message":"MongoDB Connected: localhost","service":"bulkipo-api","timestamp":"2026-05-23 14:39:38"}
{"level":"info","message":"Server running in development mode on port 5000","service":"bulkipo-api","timestamp":"2026-05-23 14:41:26"}
{"level":"info","message":"Server running in development mode on port 5000","service":"bulkipo-api","timestamp":"2026-05-23 14:41:26"}
{"level":"info","message":"MongoDB Connected: localhost","service":"bulkipo-api","timestamp":"2026-05-23 14:41:26"}
{"level":"info","message":"MongoDB Connected: localhost","service":"bulkipo-api","timestamp":"2026-05-23 14:41:26"}
{"level":"info","message":"Server running in development mode on port 5000","service":"bulkipo-api","timestamp":"2026-05-23 14:41:50"}
{"level":"info","message":"MongoDB Connected: localhost","service":"bulkipo-api","timestamp":"2026-05-23 14:41:50"}
{"level":"info","message":"Server running in development mode on port 5000","service":"bulkipo-api","timestamp":"2026-05-23 14:43:08"}
{"level":"info","message":"MongoDB Connected: localhost","service":"bulkipo-api","timestamp":"2026-05-23 14:43:08"}
{"level":"info","message":"Server running in development mode on port 5000","service":"bulkipo-api","timestamp":"2026-05-23 14:43:26"}
{"level":"info","message":"MongoDB Connected: localhost","service":"bulkipo-api","timestamp":"2026-05-23 14:43:26"}
{"level":"info","message":"Server running in development mode on port 5000","service":"bulkipo-api","timestamp":"2026-05-25 19:27:46"}
{"level":"info","message":"MongoDB Connected: localhost","service":"bulkipo-api","timestamp":"2026-05-25 19:27:46"}
{"level":"info","message":"Server running in development mode on port 5000","service":"bulkipo-api","timestamp":"2026-05-25 19:29:22"}
{"level":"info","message":"MongoDB Connected: localhost","service":"bulkipo-api","timestamp":"2026-05-25 19:29:22"}
{"level":"info","message":"Server running in development mode on port 5000","service":"bulkipo-api","timestamp":"2026-05-25 19:29:37"}
{"level":"info","message":"MongoDB Connected: localhost","service":"bulkipo-api","timestamp":"2026-05-25 19:29:37"}
{"level":"info","message":"Server running in development mode on port 5000","service":"bulkipo-api","timestamp":"2026-05-25 19:37:43"}
{"level":"info","message":"Server running in development mode on port 5000","service":"bulkipo-api","timestamp":"2026-05-25 19:37:43"}
{"level":"info","message":"MongoDB Connected: localhost","service":"bulkipo-api","timestamp":"2026-05-25 19:37:43"}
{"level":"info","message":"MongoDB Connected: localhost","service":"bulkipo-api","timestamp":"2026-05-25 19:37:43"}
{"level":"info","message":"Server running in development mode on port 5000","service":"bulkipo-api","timestamp":"2026-05-25 19:40:13"}
{"level":"info","message":"MongoDB Connected: localhost","service":"bulkipo-api","timestamp":"2026-05-25 19:40:13"}
{"level":"info","message":"Server running in development mode on port 5000","service":"bulkipo-api","timestamp":"2026-05-25 19:41:38"}
{"level":"info","message":"MongoDB Connected: localhost","service":"bulkipo-api","timestamp":"2026-05-25 19:41:38"}
{"level":"info","message":"\u001b[0mPOST /api/auth/login \u001b[33m401\u001b[0m 53.899 ms - 49\u001b[0m","service":"bulkipo-api","timestamp":"2026-05-25 19:43:22"}
{"level":"info","message":"User registered: madan@gmail.com","service":"bulkipo-api","timestamp":"2026-05-25 19:43:49"}
{"level":"info","message":"\u001b[0mPOST /api/auth/register \u001b[32m201\u001b[0m 684.735 ms - 602\u001b[0m","service":"bulkipo-api","timestamp":"2026-05-25 19:43:49"}
{"level":"info","message":"\u001b[0mGET /api/accounts \u001b[32m200\u001b[0m 55.415 ms - 40\u001b[0m","service":"bulkipo-api","timestamp":"2026-05-25 19:43:49"}
{"level":"info","message":"\u001b[0mGET /api/accounts \u001b[36m304\u001b[0m 7.941 ms - -\u001b[0m","service":"bulkipo-api","timestamp":"2026-05-25 19:43:49"}
{"level":"info","message":"\u001b[0mGET /api/portfolio \u001b[32m200\u001b[0m 65.834 ms - 146\u001b[0m","service":"bulkipo-api","timestamp":"2026-05-25 19:43:49"}
{"level":"info","message":"\u001b[0mGET /api/portfolio \u001b[36m304\u001b[0m 7.460 ms - -\u001b[0m","service":"bulkipo-api","timestamp":"2026-05-25 19:43:49"}
{"level":"info","message":"\u001b[0mGET /api/reports?limit=5 \u001b[32m200\u001b[0m 115.078 ms - 69\u001b[0m","service":"bulkipo-api","timestamp":"2026-05-25 19:43:49"}
{"level":"info","message":"\u001b[0mGET /api/reports?limit=5 \u001b[36m304\u001b[0m 9.681 ms - -\u001b[0m","service":"bulkipo-api","timestamp":"2026-05-25 19:43:49"}
{"level":"info","message":"\u001b[0mGET /api/ipos?status=open \u001b[32m200\u001b[0m 180.629 ms - 970\u001b[0m","service":"bulkipo-api","timestamp":"2026-05-25 19:43:49"}
{"level":"info","message":"\u001b[0mGET /api/ipos?status=open \u001b[36m304\u001b[0m 9.999 ms - -\u001b[0m","service":"bulkipo-api","timestamp":"2026-05-25 19:43:49"}
{"level":"info","message":"\u001b[0mGET /api/accounts \u001b[36m304\u001b[0m 5.203 ms - -\u001b[0m","service":"bulkipo-api","timestamp":"2026-05-25 19:43:57"}
{"level":"info","message":"\u001b[0mGET /api/accounts \u001b[36m304\u001b[0m 4.791 ms - -\u001b[0m","service":"bulkipo-api","timestamp":"2026-05-25 19:43:57"}
{"level":"info","message":"\u001b[0mGET /api/accounts \u001b[36m304\u001b[0m 7.434 ms - -\u001b[0m","service":"bulkipo-api","timestamp":"2026-05-25 19:44:00"}
{"level":"info","message":"\u001b[0mGET /api/ipos?status=open \u001b[36m304\u001b[0m 15.990 ms - -\u001b[0m","service":"bulkipo-api","timestamp":"2026-05-25 19:44:00"}
{"level":"info","message":"\u001b[0mGET /api/accounts \u001b[36m304\u001b[0m 9.896 ms - -\u001b[0m","service":"bulkipo-api","timestamp":"2026-05-25 19:44:00"}
{"level":"info","message":"\u001b[0mGET /api/ipos?status=open \u001b[36m304\u001b[0m 10.726 ms - -\u001b[0m","service":"bulkipo-api","timestamp":"2026-05-25 19:44:00"}
{"level":"info","message":"\u001b[0mGET /api/accounts \u001b[36m304\u001b[0m 7.428 ms - -\u001b[0m","service":"bulkipo-api","timestamp":"2026-05-25 19:44:05"}
{"level":"info","message":"\u001b[0mGET /api/ipos?limit=50 \u001b[32m200\u001b[0m 23.458 ms - 3980\u001b[0m","service":"bulkipo-api","timestamp":"2026-05-25 19:44:05"}
{"level":"info","message":"\u001b[0mGET /api/accounts \u001b[36m304\u001b[0m 10.503 ms - -\u001b[0m","service":"bulkipo-api","timestamp":"2026-05-25 19:44:05"}
{"level":"info","message":"\u001b[0mGET /api/ipos?limit=50 \u001b[36m304\u001b[0m 10.571 ms - -\u001b[0m","service":"bulkipo-api","timestamp":"2026-05-25 19:44:05"}
{"level":"info","message":"\u001b[0mGET /api/accounts \u001b[36m304\u001b[0m 8.117 ms - -\u001b[0m","service":"bulkipo-api","timestamp":"2026-05-25 19:44:07"}
{"level":"info","message":"\u001b[0mGET /api/portfolio \u001b[36m304\u001b[0m 7.139 ms - -\u001b[0m","service":"bulkipo-api","timestamp":"2026-05-25 19:44:07"}
{"level":"info","message":"\u001b[0mGET /api/accounts \u001b[36m304\u001b[0m 6.292 ms - -\u001b[0m","service":"bulkipo-api","timestamp":"2026-05-25 19:44:07"}
{"level":"info","message":"\u001b[0mGET /api/portfolio \u001b[36m304\u001b[0m 5.246 ms - -\u001b[0m","service":"bulkipo-api","timestamp":"2026-05-25 19:44:07"}
{"level":"info","message":"\u001b[0mGET /api/accounts \u001b[36m304\u001b[0m 8.725 ms - -\u001b[0m","service":"bulkipo-api","timestamp":"2026-05-25 19:44:08"}
{"level":"info","message":"\u001b[0mGET /api/accounts \u001b[36m304\u001b[0m 6.954 ms - -\u001b[0m","service":"bulkipo-api","timestamp":"2026-05-25 19:44:08"}
{"level":"info","message":"\u001b[0mGET /api/ipos?status=open \u001b[36m304\u001b[0m 15.530 ms - -\u001b[0m","service":"bulkipo-api","timestamp":"2026-05-25 19:44:08"}
{"level":"info","message":"\u001b[0mGET /api/ipos?status=open \u001b[36m304\u001b[0m 11.306 ms - -\u001b[0m","service":"bulkipo-api","timestamp":"2026-05-25 19:44:08"}
{"level":"info","message":"\u001b[0mGET /api/accounts \u001b[36m304\u001b[0m 7.374 ms - -\u001b[0m","service":"bulkipo-api","timestamp":"2026-05-25 19:44:09"}
{"level":"info","message":"\u001b[0mGET /api/ipos?limit=50 \u001b[36m304\u001b[0m 13.886 ms - -\u001b[0m","service":"bulkipo-api","timestamp":"2026-05-25 19:44:09"}
{"level":"info","message":"\u001b[0mGET /api/accounts \u001b[36m304\u001b[0m 10.987 ms - -\u001b[0m","service":"bulkipo-api","timestamp":"2026-05-25 19:44:09"}
{"level":"info","message":"\u001b[0mGET /api/ipos?limit=50 \u001b[36m304\u001b[0m 12.785 ms - -\u001b[0m","service":"bulkipo-api","timestamp":"2026-05-25 19:44:09"}
{"level":"info","message":"\u001b[0mGET /api/accounts \u001b[36m304\u001b[0m 7.963 ms - -\u001b[0m","service":"bulkipo-api","timestamp":"2026-05-25 19:44:13"}
{"level":"info","message":"\u001b[0mGET /api/portfolio \u001b[36m304\u001b[0m 6.504 ms - -\u001b[0m","service":"bulkipo-api","timestamp":"2026-05-25 19:44:13"}
{"level":"info","message":"\u001b[0mGET /api/accounts \u001b[36m304\u001b[0m 7.387 ms - -\u001b[0m","service":"bulkipo-api","timestamp":"2026-05-25 19:44:13"}
{"level":"info","message":"\u001b[0mGET /api/portfolio \u001b[36m304\u001b[0m 6.555 ms - -\u001b[0m","service":"bulkipo-api","timestamp":"2026-05-25 19:44:13"}
{"level":"info","message":"\u001b[0mGET /api/accounts \u001b[36m304\u001b[0m 8.569 ms - -\u001b[0m","service":"bulkipo-api","timestamp":"2026-05-25 19:44:15"}
{"level":"info","message":"\u001b[0mGET /api/reports?status=&accountId=&page=1 \u001b[32m200\u001b[0m 11.870 ms - 69\u001b[0m","service":"bulkipo-api","timestamp":"2026-05-25 19:44:15"}
{"level":"info","message":"\u001b[0mGET /api/accounts \u001b[36m304\u001b[0m 8.399 ms - -\u001b[0m","service":"bulkipo-api","timestamp":"2026-05-25 19:44:15"}
{"level":"info","message":"\u001b[0mGET /api/reports?status=&accountId=&page=1 \u001b[36m304\u001b[0m 9.515 ms - -\u001b[0m","service":"bulkipo-api","timestamp":"2026-05-25 19:44:15"}
{"level":"info","message":"\u001b[0mGET /api/notifications \u001b[32m200\u001b[0m 61.545 ms - 45\u001b[0m","service":"bulkipo-api","timestamp":"2026-05-25 19:44:16"}
{"level":"info","message":"\u001b[0mGET /api/notifications \u001b[36m304\u001b[0m 5.513 ms - -\u001b[0m","service":"bulkipo-api","timestamp":"2026-05-25 19:44:16"}
{"level":"info","message":"\u001b[0mGET /api/accounts \u001b[36m304\u001b[0m 14.084 ms - -\u001b[0m","service":"bulkipo-api","timestamp":"2026-05-25 19:44:22"}
{"level":"info","message":"\u001b[0mGET /api/portfolio \u001b[36m304\u001b[0m 12.650 ms - -\u001b[0m","service":"bulkipo-api","timestamp":"2026-05-25 19:44:22"}
{"level":"info","message":"\u001b[0mGET /api/ipos?status=open \u001b[36m304\u001b[0m 20.001 ms - -\u001b[0m","service":"bulkipo-api","timestamp":"2026-05-25 19:44:22"}
{"level":"info","message":"\u001b[0mGET /api/reports?limit=5 \u001b[36m304\u001b[0m 22.028 ms - -\u001b[0m","service":"bulkipo-api","timestamp":"2026-05-25 19:44:22"}
{"level":"info","message":"\u001b[0mGET /api/accounts \u001b[36m304\u001b[0m 14.086 ms - -\u001b[0m","service":"bulkipo-api","timestamp":"2026-05-25 19:44:22"}
{"level":"info","message":"\u001b[0mGET /api/portfolio \u001b[36m304\u001b[0m 13.003 ms - -\u001b[0m","service":"bulkipo-api","timestamp":"2026-05-25 19:44:22"}
{"level":"info","message":"\u001b[0mGET /api/ipos?status=open \u001b[36m304\u001b[0m 15.034 ms - -\u001b[0m","service":"bulkipo-api","timestamp":"2026-05-25 19:44:22"}
{"level":"info","message":"\u001b[0mGET /api/reports?limit=5 \u001b[36m304\u001b[0m 12.804 ms - -\u001b[0m","service":"bulkipo-api","timestamp":"2026-05-25 19:44:22"}
{"level":"info","message":"\u001b[0mGET /api/accounts \u001b[36m304\u001b[0m 7.625 ms - -\u001b[0m","service":"bulkipo-api","timestamp":"2026-05-25 19:44:32"}
{"level":"info","message":"\u001b[0mGET /api/ipos?status=open \u001b[36m304\u001b[0m 12.004 ms - -\u001b[0m","service":"bulkipo-api","timestamp":"2026-05-25 19:44:32"}
{"level":"info","message":"\u001b[0mGET /api/accounts \u001b[36m304\u001b[0m 11.035 ms - -\u001b[0m","service":"bulkipo-api","timestamp":"2026-05-25 19:44:32"}
{"level":"info","message":"\u001b[0mGET /api/ipos?status=open \u001b[36m304\u001b[0m 10.714 ms - -\u001b[0m","service":"bulkipo-api","timestamp":"2026-05-25 19:44:32"}
{"level":"info","message":"\u001b[0mGET /api/accounts \u001b[36m304\u001b[0m 4.346 ms - -\u001b[0m","service":"bulkipo-api","timestamp":"2026-05-25 19:44:38"}
{"level":"info","message":"\u001b[0mGET /api/accounts \u001b[36m304\u001b[0m 4.564 ms - -\u001b[0m","service":"bulkipo-api","timestamp":"2026-05-25 19:44:38"}
{"level":"info","message":"Account added: BOID 1234567891234567 for user madan@gmail.com","service":"bulkipo-api","timestamp":"2026-05-25 19:45:39"}
{"level":"info","message":"\u001b[0mPOST /api/accounts \u001b[32m201\u001b[0m 858.755 ms - 558\u001b[0m","service":"bulkipo-api","timestamp":"2026-05-25 19:45:39"}
{"level":"info","message":"\u001b[0mGET /api/accounts \u001b[32m200\u001b[0m 10.160 ms - 519\u001b[0m","service":"bulkipo-api","timestamp":"2026-05-25 19:45:42"}
{"level":"info","message":"\u001b[0mGET /api/ipos?status=open \u001b[36m304\u001b[0m 13.364 ms - -\u001b[0m","service":"bulkipo-api","timestamp":"2026-05-25 19:45:42"}
{"level":"info","message":"\u001b[0mGET /api/accounts \u001b[36m304\u001b[0m 9.485 ms - -\u001b[0m","service":"bulkipo-api","timestamp":"2026-05-25 19:45:42"}
{"level":"info","message":"\u001b[0mGET /api/ipos?status=open \u001b[36m304\u001b[0m 12.512 ms - -\u001b[0m","service":"bulkipo-api","timestamp":"2026-05-25 19:45:42"}
{"level":"info","message":"\u001b[0mPOST /api/ipos/bulk-apply \u001b[32m200\u001b[0m 1472.639 ms - 194\u001b[0m","service":"bulkipo-api","timestamp":"2026-05-25 19:45:50"}
{"level":"info","message":"Server running in development mode on port 5000","service":"bulkipo-api","timestamp":"2026-05-25 19:46:11"}
{"level":"info","message":"MongoDB Connected: localhost","service":"bulkipo-api","timestamp":"2026-05-25 19:46:11"}
